2026-04-29 13:20:20 INFO  [org.example.Main] — ╔══════════════════════════════════╗
2026-04-29 13:20:20 INFO  [org.example.Main] — ║  🏆 SportWave Bot  STARTING...   ║
2026-04-29 13:20:20 INFO  [org.example.Main] — ╚══════════════════════════════════╝
2026-04-29 13:20:20 INFO  [org.example.Database] — 📦 Connecting to PostgreSQL: postgres@localhost:5432/sportwave
2026-04-29 13:20:20 INFO  [c.z.h.HikariDataSource] — SportWavePool - Starting...
2026-04-29 13:20:21 INFO  [c.z.h.pool.HikariPool] — SportWavePool - Added connection org.postgresql.jdbc.PgConnection@4b0d79fc
2026-04-29 13:20:21 INFO  [c.z.h.HikariDataSource] — SportWavePool - Start completed.
2026-04-29 13:20:21 INFO  [org.example.Database] — ✅ DB pool created
2026-04-29 13:20:21 INFO  [org.example.Database] — ✅ DB schema ready
2026-04-29 13:20:21 INFO  [org.example.StatsService] — ✅ Stats tables ready
2026-04-29 13:20:21 INFO  [org.example.Main] — ▶ Bot: @SportWave
2026-04-29 13:20:21 INFO  [org.example.Main] — ▶ Admins: [6688348215]
2026-04-29 13:20:21 INFO  [org.example.Bot] — 🤖 Bot: @SportWave
2026-04-29 13:20:22 INFO  [org.example.Main] — ✅ Bot is running!
2026-04-29 13:51:27 INFO  [org.example.Main] — 🛑 Shutting down...
2026-04-29 13:51:27 INFO  [c.z.h.HikariDataSource] — SportWavePool - Shutdown initiated...
2026-04-29 13:51:27 INFO  [c.z.h.HikariDataSource] — SportWavePool - Shutdown completed.
2026-04-29 13:51:27 INFO  [org.example.Database] — 🔌 DB pool closed
2026-04-29 13:55:19 INFO  [org.example.Main] — ╔══════════════════════════════════╗
2026-04-29 13:55:19 INFO  [org.example.Main] — ║  🏆 SportWave Bot  STARTING...   ║
2026-04-29 13:55:19 INFO  [org.example.Main] — ╚══════════════════════════════════╝
2026-04-29 13:55:19 INFO  [org.example.Database] — 📦 Connecting to PostgreSQL: postgres@localhost:5432/sportwave
2026-04-29 13:55:19 INFO  [c.z.h.HikariDataSource] — SportWavePool - Starting...
2026-04-29 13:55:19 INFO  [c.z.h.pool.HikariPool] — SportWavePool - Added connection org.postgresql.jdbc.PgConnection@7bab3f1a
2026-04-29 13:55:19 INFO  [c.z.h.HikariDataSource] — SportWavePool - Start completed.
2026-04-29 13:55:19 INFO  [org.example.Database] — ✅ DB pool created
2026-04-29 13:55:19 INFO  [org.example.Database] — ✅ DB schema ready
2026-04-29 13:55:19 INFO  [org.example.StatsService] — ✅ Stats tables ready
2026-04-29 13:55:19 INFO  [org.example.Main] — ▶ Bot: @SportWave
2026-04-29 13:55:19 INFO  [org.example.Main] — ▶ Admins: [6688348215]
2026-04-29 13:55:20 INFO  [org.example.Bot] — 🤖 Bot: @SportWave
2026-04-29 13:55:21 INFO  [org.example.Main] — ✅ Bot is running!
2026-04-29 13:57:12 INFO  [org.example.Main] — 🛑 Shutting down...
2026-04-29 13:57:12 INFO  [c.z.h.HikariDataSource] — SportWavePool - Shutdown initiated...
2026-04-29 13:57:12 INFO  [c.z.h.HikariDataSource] — SportWavePool - Shutdown completed.
2026-04-29 13:57:12 INFO  [org.example.Database] — 🔌 DB pool closed
2026-04-29 13:57:13 INFO  [org.example.Main] — ╔══════════════════════════════════╗
2026-04-29 13:57:13 INFO  [org.example.Main] — ║  🏆 SportWave Bot  STARTING...   ║
2026-04-29 13:57:13 INFO  [org.example.Main] — ╚══════════════════════════════════╝
2026-04-29 13:57:13 INFO  [org.example.Database] — 📦 Connecting to PostgreSQL: postgres@localhost:5432/sportwave
2026-04-29 13:57:13 INFO  [c.z.h.HikariDataSource] — SportWavePool - Starting...
2026-04-29 13:57:13 INFO  [c.z.h.pool.HikariPool] — SportWavePool - Added connection org.postgresql.jdbc.PgConnection@7bab3f1a
2026-04-29 13:57:13 INFO  [c.z.h.HikariDataSource] — SportWavePool - Start completed.
2026-04-29 13:57:13 INFO  [org.example.Database] — ✅ DB pool created
2026-04-29 13:57:13 INFO  [org.example.Database] — ✅ DB schema ready
2026-04-29 13:57:13 INFO  [org.example.StatsService] — ✅ Stats tables ready
2026-04-29 13:57:13 INFO  [org.example.Main] — ▶ Bot: @SportWave
2026-04-29 13:57:13 INFO  [org.example.Main] — ▶ Admins: [6688348215]
2026-04-29 13:57:13 INFO  [org.example.Bot] — 🤖 Bot: @SportWave
2026-04-29 13:57:14 INFO  [org.example.Main] — ✅ Bot is running!
2026-04-29 14:02:02 INFO  [org.example.Bot] — 📨 chat=6688348215 user='⛧talent' text='🛍 Каталог'
2026-04-29 14:02:06 INFO  [org.example.Bot] — 🖱 chat=6688348215 user='⛧talent' data='cat:boxing'
2026-04-29 14:03:19 INFO  [org.example.Bot] — 📨 chat=6688348215 user='⛧talent' text='🛍 Каталог'
2026-04-29 14:03:21 INFO  [org.example.Bot] — 🖱 chat=6688348215 user='⛧talent' data='cat:karate'
2026-04-29 14:03:22 INFO  [org.example.Bot] — 📨 chat=6688348215 user='⛧talent' text='🎁 Наборы'
2026-04-29 14:03:24 INFO  [org.example.Bot] — 🖱 chat=6688348215 user='⛧talent' data='p:set_mma'
2026-04-29 14:03:28 INFO  [org.example.Bot] — 🖱 chat=6688348215 user='⛧talent' data='cart_add:set_mma'
2026-04-29 14:03:29 INFO  [org.example.Bot] — 🖱 chat=6688348215 user='⛧talent' data='q:3'
2026-04-29 14:03:31 INFO  [org.example.Bot] — 📨 chat=6688348215 user='⛧talent' text='🛒 Корзина'
2026-04-29 14:03:32 INFO  [org.example.Bot] — 🖱 chat=6688348215 user='⛧talent' data='cart_del:set_mma'
2026-04-29 14:03:40 INFO  [org.example.Bot] — 🖱 chat=6688348215 user='⛧talent' data='checkout_cart'
2026-04-29 14:03:49 INFO  [org.example.Bot] — 📨 chat=6688348215 user='⛧talent' text='🛒 Корзина'
2026-04-29 14:06:06 INFO  [org.example.Bot] — 📨 chat=6688348215 user='⛧talent' text='🛒 Корзина'
2026-04-29 14:06:08 INFO  [org.example.Bot] — 📨 chat=6688348215 user='⛧talent' text='🎁 Наборы'
2026-04-29 14:06:08 INFO  [org.example.Bot] — 📨 chat=6688348215 user='⛧talent' text='📋 Заказы'
2026-04-29 14:06:10 INFO  [org.example.Bot] — 📨 chat=6688348215 user='⛧talent' text='🛍 Каталог'
2026-04-29 14:06:11 INFO  [org.example.Bot] — 📨 chat=6688348215 user='⛧talent' text='ℹ️ О нас'
2026-04-29 14:06:22 INFO  [org.example.Bot] — 📨 chat=6688348215 user='⛧talent' text='🛍 Каталог'
2026-04-29 14:06:23 INFO  [org.example.Bot] — 📨 chat=6688348215 user='⛧talent' text='🛒 Корзина'
2026-04-29 14:06:24 INFO  [org.example.Bot] — 📨 chat=6688348215 user='⛧talent' text='📋 Заказы'
2026-04-29 14:06:24 INFO  [org.example.Bot] — 📨 chat=6688348215 user='⛧talent' text='❓ Помощь'
2026-04-29 14:06:25 INFO  [org.example.Bot] — 📨 chat=6688348215 user='⛧talent' text='🛒 Корзина'
2026-04-29 14:06:32 INFO  [org.example.Bot] — 📨 chat=6688348215 user='⛧talent' text='🔐 Админ'
2026-04-29 14:06:34 INFO  [org.example.Bot] — 🖱 chat=6688348215 user='⛧talent' data='adm:orders'
2026-04-29 14:06:36 INFO  [org.example.Bot] — 🖱 chat=6688348215 user='⛧talent' data='adm:setstatus:FA7C5431:CONFIRMED'
2026-04-29 14:06:39 INFO  [org.example.Bot] — 📨 chat=6688348215 user='⛧talent' text='📋 Заказы'
2026-04-29 14:06:41 INFO  [org.example.Bot] — 📨 chat=6688348215 user='⛧talent' text='🔐 Админ'
2026-04-29 14:06:43 INFO  [org.example.Bot] — 🖱 chat=6688348215 user='⛧talent' data='adm:orders'
2026-04-29 14:06:45 INFO  [org.example.Bot] — 🖱 chat=6688348215 user='⛧talent' data='adm:setstatus:FA7C5431:SHIPPED'
2026-04-29 14:06:58 INFO  [org.example.Bot] — 📨 chat=6688348215 user='⛧talent' text='ℹ️ О нас'
2026-04-29 14:07:01 INFO  [org.example.Bot] — 📨 chat=6688348215 user='⛧talent' text='🔐 Админ'
2026-04-29 14:07:02 INFO  [org.example.Bot] — 🖱 chat=6688348215 user='⛧talent' data='adm:orders'
2026-04-29 14:07:05 INFO  [org.example.Bot] — 🖱 chat=6688348215 user='⛧talent' data='adm:setstatus:FA7C5431:DELIVERED'
2026-04-29 14:17:57 INFO  [org.example.Bot] — 📨 chat=6688348215 user='⛧talent' text='🛍 Каталог'
2026-04-29 14:17:59 INFO  [org.example.Bot] — 🖱 chat=6688348215 user='⛧talent' data='cat:boxing'
2026-04-29 14:18:01 INFO  [org.example.Bot] — 🖱 chat=6688348215 user='⛧talent' data='p:box_helmet'
2026-04-29 14:23:27 INFO  [org.example.Bot] — 📨 chat=6688348215 user='⛧talent' text='🛍 Каталог'
2026-04-29 14:23:29 INFO  [org.example.Bot] — 🖱 chat=6688348215 user='⛧talent' data='cat:basketball'
2026-04-29 14:23:30 INFO  [org.example.Bot] — 🖱 chat=6688348215 user='⛧talent' data='p:bsk_ball_st'
2026-04-29 14:23:45 INFO  [org.example.Bot] — 🖱 chat=6688348215 user='⛧talent' data='p:bsk_ball_h'
2026-04-29 14:23:58 INFO  [org.example.Bot] — 🖱 chat=6688348215 user='⛧talent' data='p:bsk_ball_h'
2026-04-29 14:30:36 INFO  [org.example.Bot] — 🖱 chat=6688348215 user='⛧talent' data='p:bsk_shoes'
2026-04-29 14:30:51 INFO  [org.example.Bot] — 🖱 chat=6688348215 user='⛧talent' data='p:bsk_jersey'
2026-04-29 14:40:36 INFO  [org.example.Bot] — 🖱 chat=6688348215 user='⛧talent' data='p:bsk_net'
2026-04-29 14:40:41 INFO  [org.example.Bot] — 🖱 chat=6688348215 user='⛧talent' data='catalog'
2026-04-29 14:40:44 INFO  [org.example.Bot] — 🖱 chat=6688348215 user='⛧talent' data='cat:football'
2026-04-29 14:40:47 INFO  [org.example.Bot] — 🖱 chat=6688348215 user='⛧talent' data='p:ftb_ball'
2026-04-29 14:40:51 INFO  [org.example.Bot] — 🖱 chat=6688348215 user='⛧talent' data='p:ftb_boot_g'
2026-04-29 14:40:54 INFO  [org.example.Bot] — 🖱 chat=6688348215 user='⛧talent' data='p:ftb_boot_h'
2026-04-29 14:41:06 INFO  [org.example.Bot] — 🖱 chat=6688348215 user='⛧talent' data='p:ftb_jersey'
2026-04-29 14:41:12 INFO  [org.example.Bot] — 🖱 chat=6688348215 user='⛧talent' data='p:ftb_shin'
2026-04-29 14:41:25 INFO  [org.example.Bot] — 🖱 chat=6688348215 user='⛧talent' data='p:ftb_gloves'
2026-04-29 14:41:27 INFO  [org.example.Bot] — 🖱 chat=6688348215 user='⛧talent' data='p:ftb_ladder'
2026-04-29 14:42:30 INFO  [org.example.Bot] — 🖱 chat=6688348215 user='⛧talent' data='p:bsk_net'
2026-04-29 14:42:36 INFO  [org.example.Bot] — 🖱 chat=6688348215 user='⛧talent' data='show_cart'
2026-04-29 14:42:37 INFO  [org.example.Bot] — 🖱 chat=6688348215 user='⛧talent' data='cart_add:bsk_net'
2026-04-29 14:42:38 INFO  [org.example.Bot] — 📨 chat=6688348215 user='⛧talent' text='🛍 Каталог'
2026-04-29 14:42:40 INFO  [org.example.Bot] — 🖱 chat=6688348215 user='⛧talent' data='cat:football'
2026-04-29 14:42:42 INFO  [org.example.Bot] — 🖱 chat=6688348215 user='⛧talent' data='p:set_ftb'
2026-04-29 14:42:45 INFO  [org.example.Bot] — 🖱 chat=6688348215 user='⛧talent' data='p:ftb_goal'
2026-04-29 14:42:46 ERROR [org.example.Bot] — ❌ photo chat=6688348215: Error executing org.telegram.telegrambots.meta.api.methods.send.SendPhoto query: [400] Bad Request: failed to get HTTP URL content
2026-04-29 14:42:49 INFO  [org.example.Bot] — 🖱 chat=6688348215 user='⛧talent' data='p:ftb_goal'
2026-04-29 14:42:49 ERROR [org.example.Bot] — ❌ photo chat=6688348215: Error executing org.telegram.telegrambots.meta.api.methods.send.SendPhoto query: [400] Bad Request: wrong type of the web page content
2026-04-29 14:42:58 INFO  [org.example.Bot] — 🖱 chat=6688348215 user='⛧talent' data='p:ftb_goal'
2026-04-29 14:42:59 ERROR [org.example.Bot] — ❌ photo chat=6688348215: Error executing org.telegram.telegrambots.meta.api.methods.send.SendPhoto query: [400] Bad Request: wrong type of the web page content
2026-04-29 14:43:05 INFO  [org.example.Bot] — 📨 chat=6688348215 user='⛧talent' text='🛍 Каталог'
2026-04-29 14:43:06 INFO  [org.example.Bot] — 🖱 chat=6688348215 user='⛧talent' data='cat:football'
2026-04-29 14:43:08 INFO  [org.example.Bot] — 🖱 chat=6688348215 user='⛧talent' data='p:ftb_goal'
2026-04-29 14:43:08 ERROR [org.example.Bot] — ❌ photo chat=6688348215: Error executing org.telegram.telegrambots.meta.api.methods.send.SendPhoto query: [400] Bad Request: wrong type of the web page content
2026-04-29 14:43:13 INFO  [org.example.Bot] — 🖱 chat=6688348215 user='⛧talent' data='catalog'
2026-04-29 14:43:15 INFO  [org.example.Bot] — 🖱 chat=6688348215 user='⛧talent' data='cat:volleyball'
2026-04-29 14:43:18 INFO  [org.example.Bot] — 🖱 chat=6688348215 user='⛧talent' data='p:vb_ball'
2026-04-29 14:43:22 INFO  [org.example.Bot] — 🖱 chat=6688348215 user='⛧talent' data='p:vb_net_b'
2026-04-29 14:44:44 INFO  [org.example.Bot] — 🖱 chat=6688348215 user='⛧talent' data='p:vb_net_h'
2026-04-29 14:45:26 INFO  [org.example.Bot] — 🖱 chat=6688348215 user='⛧talent' data='p:vb_knee'
2026-04-29 14:47:54 INFO  [org.example.Bot] — 🖱 chat=6688348215 user='⛧talent' data='p:vb_shoes'
2026-04-29 14:48:56 INFO  [org.example.Bot] — 🖱 chat=6688348215 user='⛧talent' data='p:vb_pump'
2026-04-29 14:49:39 INFO  [org.example.Bot] — 📨 chat=6688348215 user='⛧talent' text='🛍 Каталог'
2026-04-29 14:49:41 INFO  [org.example.Bot] — 🖱 chat=6688348215 user='⛧talent' data='cat:boxing'
2026-04-29 14:49:43 INFO  [org.example.Bot] — 🖱 chat=6688348215 user='⛧talent' data='p:box_gl_b'
2026-04-29 14:49:47 INFO  [org.example.Bot] — 🖱 chat=6688348215 user='⛧talent' data='p:box_gl_p'
2026-04-29 14:49:52 INFO  [org.example.Bot] — 🖱 chat=6688348215 user='⛧talent' data='p:box_bag'
2026-04-29 14:49:56 INFO  [org.example.Bot] — 🖱 chat=6688348215 user='⛧talent' data='p:box_wraps'
2026-04-29 14:50:00 INFO  [org.example.Bot] — 🖱 chat=6688348215 user='⛧talent' data='p:box_mouth'
2026-04-29 14:57:40 INFO  [org.example.Main] — ╔══════════════════════════════════╗
2026-04-29 14:57:40 INFO  [org.example.Main] — ║  🏆 SportWave Bot  STARTING...   ║
2026-04-29 14:57:40 INFO  [org.example.Main] — ╚══════════════════════════════════╝
2026-04-29 14:57:40 INFO  [org.example.Database] — 📦 Connecting to PostgreSQL: postgres@localhost:5432/sportwave
2026-04-29 14:57:40 INFO  [c.z.h.HikariDataSource] — SportWavePool - Starting...
2026-04-29 14:57:40 INFO  [c.z.h.pool.HikariPool] — SportWavePool - Added connection org.postgresql.jdbc.PgConnection@7bab3f1a
2026-04-29 14:57:40 INFO  [c.z.h.HikariDataSource] — SportWavePool - Start completed.
2026-04-29 14:57:40 INFO  [org.example.Database] — ✅ DB pool created
2026-04-29 14:57:40 INFO  [org.example.Database] — ✅ DB schema ready
2026-04-29 14:57:40 INFO  [org.example.StatsService] — ✅ Stats tables ready
2026-04-29 14:57:40 INFO  [org.example.Main] — ▶ Bot: @SportWave
2026-04-29 14:57:40 INFO  [org.example.Main] — ▶ Admins: [6688348215]
2026-04-29 14:57:40 INFO  [org.example.Bot] — 🤖 Bot: @SportWave
2026-04-29 14:57:41 INFO  [org.example.Main] — ✅ Bot is running!
2026-04-29 14:57:41 ERROR [o.t.t.u.DefaultBotSession] — Error executing org.telegram.telegrambots.meta.api.methods.updates.GetUpdates query: [409] Conflict: terminated by other getUpdates request; make sure that only one bot instance is running
org.telegram.telegrambots.meta.exceptions.TelegramApiRequestException: Error executing org.telegram.telegrambots.meta.api.methods.updates.GetUpdates query: [409] Conflict: terminated by other getUpdates request; make sure that only one bot instance is running
	at org.telegram.telegrambots.meta.api.methods.PartialBotApiMethod.deserializeResponseInternal(PartialBotApiMethod.java:54)
	at org.telegram.telegrambots.meta.api.methods.PartialBotApiMethod.deserializeResponseArray(PartialBotApiMethod.java:39)
	at org.telegram.telegrambots.meta.api.methods.updates.GetUpdates.deserializeResponse(GetUpdates.java:86)
	at org.telegram.telegrambots.updatesreceivers.DefaultBotSession$ReaderThread.getUpdatesFromServer(DefaultBotSession.java:258)
	at org.telegram.telegrambots.updatesreceivers.DefaultBotSession$ReaderThread.run(DefaultBotSession.java:188)
2026-04-29 14:57:45 ERROR [o.t.t.u.DefaultBotSession] — Error executing org.telegram.telegrambots.meta.api.methods.updates.GetUpdates query: [409] Conflict: terminated by other getUpdates request; make sure that only one bot instance is running
org.telegram.telegrambots.meta.exceptions.TelegramApiRequestException: Error executing org.telegram.telegrambots.meta.api.methods.updates.GetUpdates query: [409] Conflict: terminated by other getUpdates request; make sure that only one bot instance is running
	at org.telegram.telegrambots.meta.api.methods.PartialBotApiMethod.deserializeResponseInternal(PartialBotApiMethod.java:54)
	at org.telegram.telegrambots.meta.api.methods.PartialBotApiMethod.deserializeResponseArray(PartialBotApiMethod.java:39)
	at org.telegram.telegrambots.meta.api.methods.updates.GetUpdates.deserializeResponse(GetUpdates.java:86)
	at org.telegram.telegrambots.updatesreceivers.DefaultBotSession$ReaderThread.getUpdatesFromServer(DefaultBotSession.java:258)
	at org.telegram.telegrambots.updatesreceivers.DefaultBotSession$ReaderThread.run(DefaultBotSession.java:188)
2026-04-29 14:57:46 ERROR [o.t.t.u.DefaultBotSession] — Error executing org.telegram.telegrambots.meta.api.methods.updates.GetUpdates query: [409] Conflict: terminated by other getUpdates request; make sure that only one bot instance is running
org.telegram.telegrambots.meta.exceptions.TelegramApiRequestException: Error executing org.telegram.telegrambots.meta.api.methods.updates.GetUpdates query: [409] Conflict: terminated by other getUpdates request; make sure that only one bot instance is running
	at org.telegram.telegrambots.meta.api.methods.PartialBotApiMethod.deserializeResponseInternal(PartialBotApiMethod.java:54)
	at org.telegram.telegrambots.meta.api.methods.PartialBotApiMethod.deserializeResponseArray(PartialBotApiMethod.java:39)
	at org.telegram.telegrambots.meta.api.methods.updates.GetUpdates.deserializeResponse(GetUpdates.java:86)
	at org.telegram.telegrambots.updatesreceivers.DefaultBotSession$ReaderThread.getUpdatesFromServer(DefaultBotSession.java:258)
	at org.telegram.telegrambots.updatesreceivers.DefaultBotSession$ReaderThread.run(DefaultBotSession.java:188)
2026-04-29 14:57:49 ERROR [o.t.t.u.DefaultBotSession] — Error executing org.telegram.telegrambots.meta.api.methods.updates.GetUpdates query: [409] Conflict: terminated by other getUpdates request; make sure that only one bot instance is running
org.telegram.telegrambots.meta.exceptions.TelegramApiRequestException: Error executing org.telegram.telegrambots.meta.api.methods.updates.GetUpdates query: [409] Conflict: terminated by other getUpdates request; make sure that only one bot instance is running
	at org.telegram.telegrambots.meta.api.methods.PartialBotApiMethod.deserializeResponseInternal(PartialBotApiMethod.java:54)
	at org.telegram.telegrambots.meta.api.methods.PartialBotApiMethod.deserializeResponseArray(PartialBotApiMethod.java:39)
	at org.telegram.telegrambots.meta.api.methods.updates.GetUpdates.deserializeResponse(GetUpdates.java:86)
	at org.telegram.telegrambots.updatesreceivers.DefaultBotSession$ReaderThread.getUpdatesFromServer(DefaultBotSession.java:258)
	at org.telegram.telegrambots.updatesreceivers.DefaultBotSession$ReaderThread.run(DefaultBotSession.java:188)
2026-04-29 14:57:50 ERROR [o.t.t.u.DefaultBotSession] — Error executing org.telegram.telegrambots.meta.api.methods.updates.GetUpdates query: [409] Conflict: terminated by other getUpdates request; make sure that only one bot instance is running
org.telegram.telegrambots.meta.exceptions.TelegramApiRequestException: Error executing org.telegram.telegrambots.meta.api.methods.updates.GetUpdates query: [409] Conflict: terminated by other getUpdates request; make sure that only one bot instance is running
	at org.telegram.telegrambots.meta.api.methods.PartialBotApiMethod.deserializeResponseInternal(PartialBotApiMethod.java:54)
	at org.telegram.telegrambots.meta.api.methods.PartialBotApiMethod.deserializeResponseArray(PartialBotApiMethod.java:39)
	at org.telegram.telegrambots.meta.api.methods.updates.GetUpdates.deserializeResponse(GetUpdates.java:86)
	at org.telegram.telegrambots.updatesreceivers.DefaultBotSession$ReaderThread.getUpdatesFromServer(DefaultBotSession.java:258)
	at org.telegram.telegrambots.updatesreceivers.DefaultBotSession$ReaderThread.run(DefaultBotSession.java:188)
2026-04-29 14:57:52 INFO  [org.example.Main] — 🛑 Shutting down...
2026-04-29 14:57:52 INFO  [c.z.h.HikariDataSource] — SportWavePool - Shutdown initiated...
2026-04-29 14:57:52 INFO  [c.z.h.HikariDataSource] — SportWavePool - Shutdown completed.
2026-04-29 14:57:52 INFO  [org.example.Database] — 🔌 DB pool closed
2026-04-29 14:57:52 INFO  [org.example.Main] — ╔══════════════════════════════════╗
2026-04-29 14:57:52 INFO  [org.example.Main] — ║  🏆 SportWave Bot  STARTING...   ║
2026-04-29 14:57:52 INFO  [org.example.Main] — ╚══════════════════════════════════╝
2026-04-29 14:57:52 INFO  [org.example.Database] — 📦 Connecting to PostgreSQL: postgres@localhost:5432/sportwave
2026-04-29 14:57:52 INFO  [c.z.h.HikariDataSource] — SportWavePool - Starting...
2026-04-29 14:57:53 INFO  [c.z.h.pool.HikariPool] — SportWavePool - Added connection org.postgresql.jdbc.PgConnection@7bab3f1a
2026-04-29 14:57:53 INFO  [c.z.h.HikariDataSource] — SportWavePool - Start completed.
2026-04-29 14:57:53 INFO  [org.example.Database] — ✅ DB pool created
2026-04-29 14:57:53 INFO  [org.example.Database] — ✅ DB schema ready
2026-04-29 14:57:53 INFO  [org.example.StatsService] — ✅ Stats tables ready
2026-04-29 14:57:53 INFO  [org.example.Main] — ▶ Bot: @SportWave
2026-04-29 14:57:53 INFO  [org.example.Main] — ▶ Admins: [6688348215]
2026-04-29 14:57:53 INFO  [org.example.Bot] — 🤖 Bot: @SportWave
2026-04-29 14:57:54 INFO  [org.example.Main] — ✅ Bot is running!
2026-04-29 14:57:54 ERROR [o.t.t.u.DefaultBotSession] — Error executing org.telegram.telegrambots.meta.api.methods.updates.GetUpdates query: [409] Conflict: terminated by other getUpdates request; make sure that only one bot instance is running
org.telegram.telegrambots.meta.exceptions.TelegramApiRequestException: Error executing org.telegram.telegrambots.meta.api.methods.updates.GetUpdates query: [409] Conflict: terminated by other getUpdates request; make sure that only one bot instance is running
	at org.telegram.telegrambots.meta.api.methods.PartialBotApiMethod.deserializeResponseInternal(PartialBotApiMethod.java:54)
	at org.telegram.telegrambots.meta.api.methods.PartialBotApiMethod.deserializeResponseArray(PartialBotApiMethod.java:39)
	at org.telegram.telegrambots.meta.api.methods.updates.GetUpdates.deserializeResponse(GetUpdates.java:86)
	at org.telegram.telegrambots.updatesreceivers.DefaultBotSession$ReaderThread.getUpdatesFromServer(DefaultBotSession.java:258)
	at org.telegram.telegrambots.updatesreceivers.DefaultBotSession$ReaderThread.run(DefaultBotSession.java:188)
2026-04-29 14:57:58 ERROR [o.t.t.u.DefaultBotSession] — Error executing org.telegram.telegrambots.meta.api.methods.updates.GetUpdates query: [409] Conflict: terminated by other getUpdates request; make sure that only one bot instance is running
org.telegram.telegrambots.meta.exceptions.TelegramApiRequestException: Error executing org.telegram.telegrambots.meta.api.methods.updates.GetUpdates query: [409] Conflict: terminated by other getUpdates request; make sure that only one bot instance is running
	at org.telegram.telegrambots.meta.api.methods.PartialBotApiMethod.deserializeResponseInternal(PartialBotApiMethod.java:54)
	at org.telegram.telegrambots.meta.api.methods.PartialBotApiMethod.deserializeResponseArray(PartialBotApiMethod.java:39)
	at org.telegram.telegrambots.meta.api.methods.updates.GetUpdates.deserializeResponse(GetUpdates.java:86)
	at org.telegram.telegrambots.updatesreceivers.DefaultBotSession$ReaderThread.getUpdatesFromServer(DefaultBotSession.java:258)
	at org.telegram.telegrambots.updatesreceivers.DefaultBotSession$ReaderThread.run(DefaultBotSession.java:188)
2026-04-29 14:57:59 ERROR [o.t.t.u.DefaultBotSession] — Error executing org.telegram.telegrambots.meta.api.methods.updates.GetUpdates query: [409] Conflict: terminated by other getUpdates request; make sure that only one bot instance is running
org.telegram.telegrambots.meta.exceptions.TelegramApiRequestException: Error executing org.telegram.telegrambots.meta.api.methods.updates.GetUpdates query: [409] Conflict: terminated by other getUpdates request; make sure that only one bot instance is running
	at org.telegram.telegrambots.meta.api.methods.PartialBotApiMethod.deserializeResponseInternal(PartialBotApiMethod.java:54)
	at org.telegram.telegrambots.meta.api.methods.PartialBotApiMethod.deserializeResponseArray(PartialBotApiMethod.java:39)
	at org.telegram.telegrambots.meta.api.methods.updates.GetUpdates.deserializeResponse(GetUpdates.java:86)
	at org.telegram.telegrambots.updatesreceivers.DefaultBotSession$ReaderThread.getUpdatesFromServer(DefaultBotSession.java:258)
	at org.telegram.telegrambots.updatesreceivers.DefaultBotSession$ReaderThread.run(DefaultBotSession.java:188)
2026-04-29 14:58:02 ERROR [o.t.t.u.DefaultBotSession] — Error executing org.telegram.telegrambots.meta.api.methods.updates.GetUpdates query: [409] Conflict: terminated by other getUpdates request; make sure that only one bot instance is running
org.telegram.telegrambots.meta.exceptions.TelegramApiRequestException: Error executing org.telegram.telegrambots.meta.api.methods.updates.GetUpdates query: [409] Conflict: terminated by other getUpdates request; make sure that only one bot instance is running
	at org.telegram.telegrambots.meta.api.methods.PartialBotApiMethod.deserializeResponseInternal(PartialBotApiMethod.java:54)
	at org.telegram.telegrambots.meta.api.methods.PartialBotApiMethod.deserializeResponseArray(PartialBotApiMethod.java:39)
	at org.telegram.telegrambots.meta.api.methods.updates.GetUpdates.deserializeResponse(GetUpdates.java:86)
	at org.telegram.telegrambots.updatesreceivers.DefaultBotSession$ReaderThread.getUpdatesFromServer(DefaultBotSession.java:258)
	at org.telegram.telegrambots.updatesreceivers.DefaultBotSession$ReaderThread.run(DefaultBotSession.java:188)
2026-04-29 14:58:03 ERROR [o.t.t.u.DefaultBotSession] — Error executing org.telegram.telegrambots.meta.api.methods.updates.GetUpdates query: [409] Conflict: terminated by other getUpdates request; make sure that only one bot instance is running
org.telegram.telegrambots.meta.exceptions.TelegramApiRequestException: Error executing org.telegram.telegrambots.meta.api.methods.updates.GetUpdates query: [409] Conflict: terminated by other getUpdates request; make sure that only one bot instance is running
	at org.telegram.telegrambots.meta.api.methods.PartialBotApiMethod.deserializeResponseInternal(PartialBotApiMethod.java:54)
	at org.telegram.telegrambots.meta.api.methods.PartialBotApiMethod.deserializeResponseArray(PartialBotApiMethod.java:39)
	at org.telegram.telegrambots.meta.api.methods.updates.GetUpdates.deserializeResponse(GetUpdates.java:86)
	at org.telegram.telegrambots.updatesreceivers.DefaultBotSession$ReaderThread.getUpdatesFromServer(DefaultBotSession.java:258)
	at org.telegram.telegrambots.updatesreceivers.DefaultBotSession$ReaderThread.run(DefaultBotSession.java:188)
2026-04-29 14:58:07 ERROR [o.t.t.u.DefaultBotSession] — Error executing org.telegram.telegrambots.meta.api.methods.updates.GetUpdates query: [409] Conflict: terminated by other getUpdates request; make sure that only one bot instance is running
org.telegram.telegrambots.meta.exceptions.TelegramApiRequestException: Error executing org.telegram.telegrambots.meta.api.methods.updates.GetUpdates query: [409] Conflict: terminated by other getUpdates request; make sure that only one bot instance is running
	at org.telegram.telegrambots.meta.api.methods.PartialBotApiMethod.deserializeResponseInternal(PartialBotApiMethod.java:54)
	at org.telegram.telegrambots.meta.api.methods.PartialBotApiMethod.deserializeResponseArray(PartialBotApiMethod.java:39)
	at org.telegram.telegrambots.meta.api.methods.updates.GetUpdates.deserializeResponse(GetUpdates.java:86)
	at org.telegram.telegrambots.updatesreceivers.DefaultBotSession$ReaderThread.getUpdatesFromServer(DefaultBotSession.java:258)
	at org.telegram.telegrambots.updatesreceivers.DefaultBotSession$ReaderThread.run(DefaultBotSession.java:188)
2026-04-29 14:58:07 ERROR [o.t.t.u.DefaultBotSession] — Error executing org.telegram.telegrambots.meta.api.methods.updates.GetUpdates query: [409] Conflict: terminated by other getUpdates request; make sure that only one bot instance is running
org.telegram.telegrambots.meta.exceptions.TelegramApiRequestException: Error executing org.telegram.telegrambots.meta.api.methods.updates.GetUpdates query: [409] Conflict: terminated by other getUpdates request; make sure that only one bot instance is running
	at org.telegram.telegrambots.meta.api.methods.PartialBotApiMethod.deserializeResponseInternal(PartialBotApiMethod.java:54)
	at org.telegram.telegrambots.meta.api.methods.PartialBotApiMethod.deserializeResponseArray(PartialBotApiMethod.java:39)
	at org.telegram.telegrambots.meta.api.methods.updates.GetUpdates.deserializeResponse(GetUpdates.java:86)
	at org.telegram.telegrambots.updatesreceivers.DefaultBotSession$ReaderThread.getUpdatesFromServer(DefaultBotSession.java:258)
	at org.telegram.telegrambots.updatesreceivers.DefaultBotSession$ReaderThread.run(DefaultBotSession.java:188)
2026-04-29 14:58:11 ERROR [o.t.t.u.DefaultBotSession] — Error executing org.telegram.telegrambots.meta.api.methods.updates.GetUpdates query: [409] Conflict: terminated by other getUpdates request; make sure that only one bot instance is running
org.telegram.telegrambots.meta.exceptions.TelegramApiRequestException: Error executing org.telegram.telegrambots.meta.api.methods.updates.GetUpdates query: [409] Conflict: terminated by other getUpdates request; make sure that only one bot instance is running
	at org.telegram.telegrambots.meta.api.methods.PartialBotApiMethod.deserializeResponseInternal(PartialBotApiMethod.java:54)
	at org.telegram.telegrambots.meta.api.methods.PartialBotApiMethod.deserializeResponseArray(PartialBotApiMethod.java:39)
	at org.telegram.telegrambots.meta.api.methods.updates.GetUpdates.deserializeResponse(GetUpdates.java:86)
	at org.telegram.telegrambots.updatesreceivers.DefaultBotSession$ReaderThread.getUpdatesFromServer(DefaultBotSession.java:258)
	at org.telegram.telegrambots.updatesreceivers.DefaultBotSession$ReaderThread.run(DefaultBotSession.java:188)
2026-04-29 14:58:12 ERROR [o.t.t.u.DefaultBotSession] — Error executing org.telegram.telegrambots.meta.api.methods.updates.GetUpdates query: [409] Conflict: terminated by other getUpdates request; make sure that only one bot instance is running
org.telegram.telegrambots.meta.exceptions.TelegramApiRequestException: Error executing org.telegram.telegrambots.meta.api.methods.updates.GetUpdates query: [409] Conflict: terminated by other getUpdates request; make sure that only one bot instance is running
	at org.telegram.telegrambots.meta.api.methods.PartialBotApiMethod.deserializeResponseInternal(PartialBotApiMethod.java:54)
	at org.telegram.telegrambots.meta.api.methods.PartialBotApiMethod.deserializeResponseArray(PartialBotApiMethod.java:39)
	at org.telegram.telegrambots.meta.api.methods.updates.GetUpdates.deserializeResponse(GetUpdates.java:86)
	at org.telegram.telegrambots.updatesreceivers.DefaultBotSession$ReaderThread.getUpdatesFromServer(DefaultBotSession.java:258)
	at org.telegram.telegrambots.updatesreceivers.DefaultBotSession$ReaderThread.run(DefaultBotSession.java:188)
2026-04-29 14:58:15 ERROR [o.t.t.u.DefaultBotSession] — Error executing org.telegram.telegrambots.meta.api.methods.updates.GetUpdates query: [409] Conflict: terminated by other getUpdates request; make sure that only one bot instance is running
org.telegram.telegrambots.meta.exceptions.TelegramApiRequestException: Error executing org.telegram.telegrambots.meta.api.methods.updates.GetUpdates query: [409] Conflict: terminated by other getUpdates request; make sure that only one bot instance is running
	at org.telegram.telegrambots.meta.api.methods.PartialBotApiMethod.deserializeResponseInternal(PartialBotApiMethod.java:54)
	at org.telegram.telegrambots.meta.api.methods.PartialBotApiMethod.deserializeResponseArray(PartialBotApiMethod.java:39)
	at org.telegram.telegrambots.meta.api.methods.updates.GetUpdates.deserializeResponse(GetUpdates.java:86)
	at org.telegram.telegrambots.updatesreceivers.DefaultBotSession$ReaderThread.getUpdatesFromServer(DefaultBotSession.java:258)
	at org.telegram.telegrambots.updatesreceivers.DefaultBotSession$ReaderThread.run(DefaultBotSession.java:188)
2026-04-29 14:58:16 ERROR [o.t.t.u.DefaultBotSession] — Error executing org.telegram.telegrambots.meta.api.methods.updates.GetUpdates query: [409] Conflict: terminated by other getUpdates request; make sure that only one bot instance is running
org.telegram.telegrambots.meta.exceptions.TelegramApiRequestException: Error executing org.telegram.telegrambots.meta.api.methods.updates.GetUpdates query: [409] Conflict: terminated by other getUpdates request; make sure that only one bot instance is running
	at org.telegram.telegrambots.meta.api.methods.PartialBotApiMethod.deserializeResponseInternal(PartialBotApiMethod.java:54)
	at org.telegram.telegrambots.meta.api.methods.PartialBotApiMethod.deserializeResponseArray(PartialBotApiMethod.java:39)
	at org.telegram.telegrambots.meta.api.methods.updates.GetUpdates.deserializeResponse(GetUpdates.java:86)
	at org.telegram.telegrambots.updatesreceivers.DefaultBotSession$ReaderThread.getUpdatesFromServer(DefaultBotSession.java:258)
	at org.telegram.telegrambots.updatesreceivers.DefaultBotSession$ReaderThread.run(DefaultBotSession.java:188)
2026-04-29 14:58:20 ERROR [o.t.t.u.DefaultBotSession] — Error executing org.telegram.telegrambots.meta.api.methods.updates.GetUpdates query: [409] Conflict: terminated by other getUpdates request; make sure that only one bot instance is running
org.telegram.telegrambots.meta.exceptions.TelegramApiRequestException: Error executing org.telegram.telegrambots.meta.api.methods.updates.GetUpdates query: [409] Conflict: terminated by other getUpdates request; make sure that only one bot instance is running
	at org.telegram.telegrambots.meta.api.methods.PartialBotApiMethod.deserializeResponseInternal(PartialBotApiMethod.java:54)
	at org.telegram.telegrambots.meta.api.methods.PartialBotApiMethod.deserializeResponseArray(PartialBotApiMethod.java:39)
	at org.telegram.telegrambots.meta.api.methods.updates.GetUpdates.deserializeResponse(GetUpdates.java:86)
	at org.telegram.telegrambots.updatesreceivers.DefaultBotSession$ReaderThread.getUpdatesFromServer(DefaultBotSession.java:258)
	at org.telegram.telegrambots.updatesreceivers.DefaultBotSession$ReaderThread.run(DefaultBotSession.java:188)
2026-04-29 14:58:21 ERROR [o.t.t.u.DefaultBotSession] — Error executing org.telegram.telegrambots.meta.api.methods.updates.GetUpdates query: [409] Conflict: terminated by other getUpdates request; make sure that only one bot instance is running
org.telegram.telegrambots.meta.exceptions.TelegramApiRequestException: Error executing org.telegram.telegrambots.meta.api.methods.updates.GetUpdates query: [409] Conflict: terminated by other getUpdates request; make sure that only one bot instance is running
	at org.telegram.telegrambots.meta.api.methods.PartialBotApiMethod.deserializeResponseInternal(PartialBotApiMethod.java:54)
	at org.telegram.telegrambots.meta.api.methods.PartialBotApiMethod.deserializeResponseArray(PartialBotApiMethod.java:39)
	at org.telegram.telegrambots.meta.api.methods.updates.GetUpdates.deserializeResponse(GetUpdates.java:86)
	at org.telegram.telegrambots.updatesreceivers.DefaultBotSession$ReaderThread.getUpdatesFromServer(DefaultBotSession.java:258)
	at org.telegram.telegrambots.updatesreceivers.DefaultBotSession$ReaderThread.run(DefaultBotSession.java:188)
